// Jest Snapshot v1, https://goo.gl/fbAQLP

exports[`Pruebas en <Description /> Debe de mostrarse correctamente 1`] = `<div />`;
