// Jest Snapshot v1, https://goo.gl/fbAQLP

exports[`Pruebas en <Information /> Debe de mostrarse correctamente 1`] = `
<div>
  <table
    className="table"
  >
    <thead
      className="table__thead"
    >
      <tr>
        <th
          className="table__th"
        >
          _id
        </th>
        <th
          className="table__th"
        >
          city id
        </th>
        <th
          className="table__th"
        >
          name
        </th>
        <th
          className="table__th"
        >
          state
        </th>
        <th
          className="table__th"
        >
          probability of precipt
        </th>
        <th
          className="table__th"
        >
          relative humidity
        </th>
        <th
          className="table__th"
        >
          lastre porttime
        </th>
        <th
          className="table__th"
        >
          probability of precip
        </th>
      </tr>
    </thead>
    <tbody
      className="table__tbody"
    />
  </table>
  <div
    className="buttons"
  >
    <button
      className="buttons__btn"
      disabled={true}
      onClick={[Function]}
    >
      Anterior
    </button>
    <button
      className="buttons__btn buttons__btn--sig"
      disabled={false}
      onClick={[Function]}
    >
      Siguiente
    </button>
  </div>
  <div
    className="total"
  >
    <p>
      Total de registros 
      0
       
    </p>
    <p>
      del 
      1
       al 
      10
    </p>
  </div>
</div>
`;
